127.0.0.1 - - [05/Nov/2017:10:20:24 -0200] "GET / HTTP/1.1" 404 994
0:0:0:0:0:0:0:1 - - [05/Nov/2017:10:20:38 -0200] "GET /apirest HTTP/1.1" 404 1008
0:0:0:0:0:0:0:1 - - [05/Nov/2017:10:20:39 -0200] "GET /favicon.ico HTTP/1.1" 404 1016
0:0:0:0:0:0:0:1 - - [05/Nov/2017:10:20:43 -0200] "GET /apirest/ HTTP/1.1" 404 1010
127.0.0.1 - - [05/Nov/2017:10:21:30 -0200] "GET / HTTP/1.1" 404 994
0:0:0:0:0:0:0:1 - - [05/Nov/2017:10:21:36 -0200] "GET /apirest HTTP/1.1" 404 1008
0:0:0:0:0:0:0:1 - - [05/Nov/2017:10:21:38 -0200] "GET /apirest/ HTTP/1.1" 404 1010
0:0:0:0:0:0:0:1 - - [05/Nov/2017:10:22:34 -0200] "GET /apirest/index.html HTTP/1.1" 404 1030
0:0:0:0:0:0:0:1 - - [05/Nov/2017:10:22:51 -0200] "GET /website/ HTTP/1.1" 200 149
0:0:0:0:0:0:0:1 - - [05/Nov/2017:10:23:11 -0200] "GET /apirest/websitehtml HTTP/1.1" 404 1032
0:0:0:0:0:0:0:1 - - [05/Nov/2017:10:23:17 -0200] "GET /website HTTP/1.1" 302 -
0:0:0:0:0:0:0:1 - - [05/Nov/2017:10:23:17 -0200] "GET /website/ HTTP/1.1" 200 149
127.0.0.1 - - [05/Nov/2017:10:23:37 -0200] "GET / HTTP/1.1" 404 994
0:0:0:0:0:0:0:1 - - [05/Nov/2017:10:23:42 -0200] "GET /apirest HTTP/1.1" 404 1008
0:0:0:0:0:0:0:1 - - [05/Nov/2017:10:23:44 -0200] "GET /apirest/ HTTP/1.1" 404 1010
0:0:0:0:0:0:0:1 - - [05/Nov/2017:10:23:56 -0200] "GET /website/ HTTP/1.1" 304 -
127.0.0.1 - - [05/Nov/2017:10:26:05 -0200] "GET / HTTP/1.1" 404 994
0:0:0:0:0:0:0:1 - - [05/Nov/2017:10:26:12 -0200] "GET /apirest/ HTTP/1.1" 200 149
0:0:0:0:0:0:0:1 - - [05/Nov/2017:10:26:20 -0200] "GET /apirest/ HTTP/1.1" 200 149
0:0:0:0:0:0:0:1 - - [05/Nov/2017:10:32:09 -0200] "GET /apirest HTTP/1.1" 302 -
0:0:0:0:0:0:0:1 - - [05/Nov/2017:10:32:09 -0200] "GET /apirest/ HTTP/1.1" 304 -
127.0.0.1 - - [05/Nov/2017:11:01:22 -0200] "GET / HTTP/1.1" 404 994
0:0:0:0:0:0:0:1 - - [05/Nov/2017:11:01:26 -0200] "GET /apirest/ HTTP/1.1" 304 -
0:0:0:0:0:0:0:1 - - [05/Nov/2017:11:01:37 -0200] "GET /apirest/lista HTTP/1.1" 404 1020
0:0:0:0:0:0:0:1 - - [05/Nov/2017:11:01:56 -0200] "GET /apirest/lista/tete HTTP/1.1" 404 1030
0:0:0:0:0:0:0:1 - - [05/Nov/2017:11:01:59 -0200] "GET /apirest/lista/ HTTP/1.1" 404 1022
0:0:0:0:0:0:0:1 - - [05/Nov/2017:11:02:30 -0200] "GET /apirest/lista/ HTTP/1.1" 404 1022
127.0.0.1 - - [05/Nov/2017:11:03:33 -0200] "GET / HTTP/1.1" 404 994
0:0:0:0:0:0:0:1 - - [05/Nov/2017:11:03:38 -0200] "GET /apirest/ HTTP/1.1" 304 -
0:0:0:0:0:0:0:1 - - [05/Nov/2017:11:03:39 -0200] "GET /apirest/ HTTP/1.1" 304 -
0:0:0:0:0:0:0:1 - - [05/Nov/2017:11:03:39 -0200] "GET /apirest/ HTTP/1.1" 304 -
0:0:0:0:0:0:0:1 - - [05/Nov/2017:11:03:41 -0200] "GET /apirest/lista HTTP/1.1" 404 1020
0:0:0:0:0:0:0:1 - - [05/Nov/2017:11:03:44 -0200] "GET /apirest/lista/aa HTTP/1.1" 404 1026
0:0:0:0:0:0:0:1 - - [05/Nov/2017:11:04:24 -0200] "GET /apirest/rest/lista HTTP/1.1" 200 12
0:0:0:0:0:0:0:1 - - [05/Nov/2017:11:04:30 -0200] "GET /apirest/rest/lista/chico HTTP/1.1" 404 1010
0:0:0:0:0:0:0:1 - - [05/Nov/2017:11:04:36 -0200] "GET /apirest/rest/lista/?chico HTTP/1.1" 200 12
0:0:0:0:0:0:0:1 - - [05/Nov/2017:11:05:15 -0200] "GET /apirest/rest/lista/$chico HTTP/1.1" 404 1010
0:0:0:0:0:0:0:1 - - [05/Nov/2017:11:05:30 -0200] "GET /apirest/rest/lista/?usuario=chico HTTP/1.1" 200 13
127.0.0.1 - - [05/Nov/2017:11:05:50 -0200] "GET / HTTP/1.1" 404 994
0:0:0:0:0:0:0:1 - - [05/Nov/2017:11:05:50 -0200] "GET /apirest/rest/lista/?usuario=chico HTTP/1.1" 200 14
0:0:0:0:0:0:0:1 - - [05/Nov/2017:11:06:54 -0200] "GET /apirest/rest/lista/id=chico HTTP/1.1" 404 1010
0:0:0:0:0:0:0:1 - - [05/Nov/2017:11:07:10 -0200] "GET /apirest/rest/lista/usuarios=1 HTTP/1.1" 404 1010
0:0:0:0:0:0:0:1 - - [05/Nov/2017:11:07:14 -0200] "GET /apirest/rest/lista/usuarios/1 HTTP/1.1" 200 28
127.0.0.1 - - [05/Nov/2017:11:15:22 -0200] "GET / HTTP/1.1" 404 994
0:0:0:0:0:0:0:1 - - [05/Nov/2017:11:15:23 -0200] "GET /apirest/rest/chamados/ HTTP/1.1" 404 1010
0:0:0:0:0:0:0:1 - - [05/Nov/2017:11:15:36 -0200] "GET /apirest/rest/chamados/ HTTP/1.1" 404 1010
0:0:0:0:0:0:0:1 - - [05/Nov/2017:11:15:38 -0200] "GET /apirest/rest/chamados HTTP/1.1" 404 1010
0:0:0:0:0:0:0:1 - - [05/Nov/2017:11:15:44 -0200] "GET /apirest/ HTTP/1.1" 304 -
0:0:0:0:0:0:0:1 - - [05/Nov/2017:11:18:32 -0200] "GET /apirest/rest/lista HTTP/1.1" 200 13
0:0:0:0:0:0:0:1 - - [05/Nov/2017:11:18:37 -0200] "GET /apirest/rest/chamados/ HTTP/1.1" 404 1010
0:0:0:0:0:0:0:1 - - [05/Nov/2017:11:19:37 -0200] "GET /apirest/rest/chamados/ HTTP/1.1" 404 1010
127.0.0.1 - - [05/Nov/2017:11:20:02 -0200] "GET / HTTP/1.1" 404 994
0:0:0:0:0:0:0:1 - - [05/Nov/2017:11:20:06 -0200] "GET /apirest/rest/chamados/ HTTP/1.1" 404 1010
0:0:0:0:0:0:0:1 - - [05/Nov/2017:11:20:07 -0200] "GET /apirest/rest/chamados/ HTTP/1.1" 404 1010
127.0.0.1 - - [05/Nov/2017:11:23:43 -0200] "GET / HTTP/1.1" 404 994
0:0:0:0:0:0:0:1 - - [05/Nov/2017:11:23:53 -0200] "GET /apirest/rest/chamados/lista HTTP/1.1" 404 1010
0:0:0:0:0:0:0:1 - - [05/Nov/2017:11:24:02 -0200] "GET /apirest/rest/lista HTTP/1.1" 200 13
127.0.0.1 - - [05/Nov/2017:11:25:43 -0200] "GET / HTTP/1.1" 404 994
0:0:0:0:0:0:0:1 - - [05/Nov/2017:11:25:52 -0200] "GET /apirest/rest/lista/chamados HTTP/1.1" 404 1010
127.0.0.1 - - [05/Nov/2017:11:26:51 -0200] "GET / HTTP/1.1" 404 994
0:0:0:0:0:0:0:1 - - [05/Nov/2017:11:26:59 -0200] "GET /apirest/rest/lista/chamados HTTP/1.1" 404 1010
0:0:0:0:0:0:0:1 - - [05/Nov/2017:11:27:21 -0200] "GET /apirest/rest/chamados/lista HTTP/1.1" 404 1010
0:0:0:0:0:0:0:1 - - [05/Nov/2017:11:27:38 -0200] "GET /apirest/rest/lista HTTP/1.1" 200 13
0:0:0:0:0:0:0:1 - - [05/Nov/2017:11:27:43 -0200] "GET /apirest/rest/chamados HTTP/1.1" 404 1010
127.0.0.1 - - [05/Nov/2017:11:29:05 -0200] "GET / HTTP/1.1" 404 994
0:0:0:0:0:0:0:1 - - [05/Nov/2017:11:29:14 -0200] "GET /apirest/rest/lista/chamados HTTP/1.1" 404 1010
0:0:0:0:0:0:0:1 - - [05/Nov/2017:11:29:17 -0200] "GET /apirest/rest/lista/ HTTP/1.1" 200 13
0:0:0:0:0:0:0:1 - - [05/Nov/2017:11:29:43 -0200] "GET /apirest/rest/lista/ HTTP/1.1" 200 13
0:0:0:0:0:0:0:1 - - [05/Nov/2017:11:29:57 -0200] "GET /apirest/rest/lista/ HTTP/1.1" 200 13
127.0.0.1 - - [05/Nov/2017:11:30:15 -0200] "GET / HTTP/1.1" 404 994
0:0:0:0:0:0:0:1 - - [05/Nov/2017:11:30:43 -0200] "GET /apirest/rest/lista/ HTTP/1.1" 200 13
0:0:0:0:0:0:0:1 - - [05/Nov/2017:11:30:46 -0200] "GET /apirest/rest/lista/teste HTTP/1.1" 404 1010
127.0.0.1 - - [05/Nov/2017:11:31:08 -0200] "GET / HTTP/1.1" 404 994
0:0:0:0:0:0:0:1 - - [05/Nov/2017:11:31:12 -0200] "GET /apirest/rest/lista/teste HTTP/1.1" 404 1010
0:0:0:0:0:0:0:1 - - [05/Nov/2017:11:31:15 -0200] "GET /apirest/rest/lista/ HTTP/1.1" 200 13
0:0:0:0:0:0:0:1 - - [05/Nov/2017:11:31:18 -0200] "GET /apirest/rest/lista/teste HTTP/1.1" 404 1010
127.0.0.1 - - [05/Nov/2017:11:33:24 -0200] "GET / HTTP/1.1" 404 994
0:0:0:0:0:0:0:1 - - [05/Nov/2017:11:33:29 -0200] "GET /apirest/rest/lista/teste HTTP/1.1" 200 5
127.0.0.1 - - [05/Nov/2017:11:34:13 -0200] "GET / HTTP/1.1" 404 994
0:0:0:0:0:0:0:1 - - [05/Nov/2017:11:34:18 -0200] "GET /apirest/rest/lista/teste HTTP/1.1" 404 1010
127.0.0.1 - - [05/Nov/2017:11:36:50 -0200] "GET / HTTP/1.1" 404 994
0:0:0:0:0:0:0:1 - - [05/Nov/2017:11:36:52 -0200] "GET /apirest/rest/chamados/ HTTP/1.1" 200 13
127.0.0.1 - - [05/Nov/2017:11:38:48 -0200] "GET / HTTP/1.1" 404 994
0:0:0:0:0:0:0:1 - - [05/Nov/2017:11:38:49 -0200] "GET /apirest/rest/chamados/ HTTP/1.1" 404 1010
127.0.0.1 - - [05/Nov/2017:11:40:23 -0200] "GET / HTTP/1.1" 404 994
0:0:0:0:0:0:0:1 - - [05/Nov/2017:11:40:25 -0200] "GET /apirest/ HTTP/1.1" 304 -
0:0:0:0:0:0:0:1 - - [05/Nov/2017:11:40:29 -0200] "GET /apirest/rest/lista HTTP/1.1" 200 13
0:0:0:0:0:0:0:1 - - [05/Nov/2017:11:40:33 -0200] "GET /apirest/rest/chamados/ HTTP/1.1" 404 1010
127.0.0.1 - - [05/Nov/2017:12:04:06 -0200] "GET / HTTP/1.1" 404 994
0:0:0:0:0:0:0:1 - - [05/Nov/2017:12:04:08 -0200] "GET /apirest/rest/chamados/ HTTP/1.1" 404 1010
127.0.0.1 - - [05/Nov/2017:12:08:32 -0200] "GET / HTTP/1.1" 404 994
0:0:0:0:0:0:0:1 - - [05/Nov/2017:12:08:40 -0200] "GET /apirest/rest/chamados/ HTTP/1.1" 404 1010
127.0.0.1 - - [05/Nov/2017:12:11:40 -0200] "GET / HTTP/1.1" 404 994
0:0:0:0:0:0:0:1 - - [05/Nov/2017:12:11:47 -0200] "GET /apirest/ HTTP/1.1" 304 -
0:0:0:0:0:0:0:1 - - [05/Nov/2017:12:11:50 -0200] "GET /apirest/lista HTTP/1.1" 404 1020
0:0:0:0:0:0:0:1 - - [05/Nov/2017:12:11:54 -0200] "GET /apirest/rest/lista HTTP/1.1" 200 13
0:0:0:0:0:0:0:1 - - [05/Nov/2017:12:11:57 -0200] "GET /apirest/rest/chamados/ HTTP/1.1" 404 1010
127.0.0.1 - - [05/Nov/2017:12:23:09 -0200] "GET / HTTP/1.1" 404 994
0:0:0:0:0:0:0:1 - - [05/Nov/2017:12:23:16 -0200] "GET /apirest/rest/chamados/ HTTP/1.1" 404 1010
0:0:0:0:0:0:0:1 - - [05/Nov/2017:12:23:23 -0200] "GET /apirest/rest/lista HTTP/1.1" 200 13
0:0:0:0:0:0:0:1 - - [05/Nov/2017:12:23:30 -0200] "GET /apirest/rest/lista/?usuario=chico HTTP/1.1" 200 14
0:0:0:0:0:0:0:1 - - [05/Nov/2017:12:23:35 -0200] "GET /apirest/rest/chamados/ HTTP/1.1" 404 1010
0:0:0:0:0:0:0:1 - - [05/Nov/2017:12:27:07 -0200] "GET /apirest/rest/chamados/ HTTP/1.1" 404 1010
127.0.0.1 - - [05/Nov/2017:12:27:49 -0200] "GET / HTTP/1.1" 404 994
0:0:0:0:0:0:0:1 - - [05/Nov/2017:12:27:51 -0200] "GET /apirest/rest/chamados/ HTTP/1.1" 404 1010
0:0:0:0:0:0:0:1 - - [05/Nov/2017:12:28:36 -0200] "GET /apirest/rest/chamados/?usuario=chico HTTP/1.1" 200 14
0:0:0:0:0:0:0:1 - - [05/Nov/2017:12:28:38 -0200] "GET /apirest/rest/chamados/?usuario=chico HTTP/1.1" 200 14
0:0:0:0:0:0:0:1 - - [05/Nov/2017:12:28:46 -0200] "GET /apirest/rest/chamados/?usuario=chico HTTP/1.1" 200 14
127.0.0.1 - - [05/Nov/2017:12:30:19 -0200] "GET / HTTP/1.1" 404 994
0:0:0:0:0:0:0:1 - - [05/Nov/2017:12:30:24 -0200] "GET /apirest/rest/chamados/?usuario=chico HTTP/1.1" 200 14
0:0:0:0:0:0:0:1 - - [05/Nov/2017:12:30:28 -0200] "GET /apirest/rest/chamados/ HTTP/1.1" 200 13
0:0:0:0:0:0:0:1 - - [05/Nov/2017:12:30:31 -0200] "GET /apirest/rest/chamados/ HTTP/1.1" 200 13
0:0:0:0:0:0:0:1 - - [05/Nov/2017:12:30:33 -0200] "GET /apirest/rest/chamados/ HTTP/1.1" 200 13
0:0:0:0:0:0:0:1 - - [05/Nov/2017:12:30:40 -0200] "GET /apirest/rest/chamados/teste HTTP/1.1" 404 1010
127.0.0.1 - - [05/Nov/2017:12:32:35 -0200] "GET / HTTP/1.1" 404 994
0:0:0:0:0:0:0:1 - - [05/Nov/2017:12:32:45 -0200] "GET /apirest/rest/chamados/teste HTTP/1.1" 404 1010
0:0:0:0:0:0:0:1 - - [05/Nov/2017:12:32:46 -0200] "GET /apirest/rest/chamados/teste HTTP/1.1" 404 1010
0:0:0:0:0:0:0:1 - - [05/Nov/2017:12:32:48 -0200] "GET /apirest/rest/chamados/teste HTTP/1.1" 404 1010
0:0:0:0:0:0:0:1 - - [05/Nov/2017:12:32:48 -0200] "GET /apirest/rest/chamados/teste HTTP/1.1" 404 1010
0:0:0:0:0:0:0:1 - - [05/Nov/2017:12:32:51 -0200] "GET /apirest/rest/chamados/ HTTP/1.1" 200 13
127.0.0.1 - - [05/Nov/2017:12:37:12 -0200] "GET / HTTP/1.1" 404 994
0:0:0:0:0:0:0:1 - - [05/Nov/2017:12:37:24 -0200] "GET /apirest/rest/chamados/ HTTP/1.1" 200 13
0:0:0:0:0:0:0:1 - - [05/Nov/2017:12:37:27 -0200] "GET /apirest/rest/chamados/teste HTTP/1.1" 404 1010
0:0:0:0:0:0:0:1 - - [05/Nov/2017:12:37:32 -0200] "GET /apirest/ HTTP/1.1" 304 -
127.0.0.1 - - [05/Nov/2017:12:38:10 -0200] "GET / HTTP/1.1" 404 994
0:0:0:0:0:0:0:1 - - [05/Nov/2017:12:38:16 -0200] "GET /apirest/ HTTP/1.1" 304 -
0:0:0:0:0:0:0:1 - - [05/Nov/2017:12:38:21 -0200] "GET /apirest/rest/chamados/ HTTP/1.1" 200 13
0:0:0:0:0:0:0:1 - - [05/Nov/2017:12:38:25 -0200] "GET /apirest/rest/chamados/teste HTTP/1.1" 404 1010
127.0.0.1 - - [05/Nov/2017:12:45:15 -0200] "GET / HTTP/1.1" 404 994
127.0.0.1 - - [05/Nov/2017:12:46:48 -0200] "GET / HTTP/1.1" 404 994
0:0:0:0:0:0:0:1 - - [05/Nov/2017:12:46:53 -0200] "GET /apirest/rest/chamados/teste HTTP/1.1" 200 97
127.0.0.1 - - [05/Nov/2017:12:48:55 -0200] "GET / HTTP/1.1" 404 994
0:0:0:0:0:0:0:1 - - [05/Nov/2017:12:49:06 -0200] "GET /apirest/rest/lista HTTP/1.1" 200 13
0:0:0:0:0:0:0:1 - - [05/Nov/2017:12:49:09 -0200] "GET /apirest/rest/chamados/ HTTP/1.1" 200 13
0:0:0:0:0:0:0:1 - - [05/Nov/2017:12:49:12 -0200] "GET /apirest/rest/chamados/teste HTTP/1.1" 200 97
127.0.0.1 - - [05/Nov/2017:12:49:44 -0200] "GET / HTTP/1.1" 404 994
0:0:0:0:0:0:0:1 - - [05/Nov/2017:13:09:22 -0200] "GET /apirest/rest/chamados/teste HTTP/1.1" 404 1010
0:0:0:0:0:0:0:1 - - [05/Nov/2017:13:09:35 -0200] "GET /apirest/rest/chamados/ HTTP/1.1" 200 97
0:0:0:0:0:0:0:1 - - [05/Nov/2017:13:09:45 -0200] "GET /apirest/rest/chamados/ HTTP/1.1" 200 97
0:0:0:0:0:0:0:1 - - [05/Nov/2017:13:10:04 -0200] "GET /apirest/rest/chamados/ HTTP/1.1" 200 97
